// Jest Snapshot v1, https://goo.gl/fbAQLP

exports[`Should render AddExpanseComponent correctly 1`] = `
<div>
  <div
    className="page-header"
  >
    <div
      className="container"
    >
      <h2
        className="page-header__title"
      >
        Add Expense
      </h2>
    </div>
  </div>
  <div
    className="container"
  >
    <ExpanseForm
      onSubmit={[Function]}
    />
  </div>
</div>
`;
