// Jest Snapshot v1, https://goo.gl/fbAQLP

exports[`should render ExpanseDashboardComponent component correctly 1`] = `
<div>
  <[object Object] />
  <[object Object] />
  <div
    className="container"
  >
    <[object Object] />
  </div>
</div>
`;
