// Jest Snapshot v1, https://goo.gl/fbAQLP

exports[`should render NotFoundComponent component correctly 1`] = `
<div
  className="container"
>
  <h3>
    404:
  </h3>
   
  <Link
    to="/"
  >
    Go To Expanse Dashboard Page
  </Link>
</div>
`;
